// Jest Snapshot v1, https://goo.gl/fbAQLP

exports[`UserInput component renders App 1`] = `<UserInput />`;
