// Jest Snapshot v1, https://goo.gl/fbAQLP

exports[`App component renders App 1`] = `
<form>
  <input
    type="text"
  />
  <button>
    Submit
  </button>
</form>
`;
